nohup: ignoring input
Watching for file changes with StatReloader
[02/Jun/2026 13:12:24] "GET /api/notifications/45ef4530-e249-4419-872d-607835b868d8/ HTTP/1.1" 200 501
[02/Jun/2026 13:12:27] "GET /api/bookings/user/45ef4530-e249-4419-872d-607835b868d8/ HTTP/1.1" 200 6009
[02/Jun/2026 13:12:35] "GET /api/notifications/45ef4530-e249-4419-872d-607835b868d8/ HTTP/1.1" 200 501
[02/Jun/2026 13:12:37] "GET /api/bookings/user/45ef4530-e249-4419-872d-607835b868d8/ HTTP/1.1" 200 6009
[02/Jun/2026 13:12:37] "GET /api/notifications/45ef4530-e249-4419-872d-607835b868d8/ HTTP/1.1" 200 501
[02/Jun/2026 13:12:39] "GET /api/notifications/45ef4530-e249-4419-872d-607835b868d8/ HTTP/1.1" 200 501
[02/Jun/2026 13:12:40] "GET /api/notifications/45ef4530-e249-4419-872d-607835b868d8/ HTTP/1.1" 200 501
[02/Jun/2026 13:12:41] "GET /api/bookings/user/45ef4530-e249-4419-872d-607835b868d8/ HTTP/1.1" 200 6009
[02/Jun/2026 13:12:42] "GET /api/notifications/45ef4530-e249-4419-872d-607835b868d8/ HTTP/1.1" 200 501
[02/Jun/2026 13:12:43] "GET /api/notifications/45ef4530-e249-4419-872d-607835b868d8/ HTTP/1.1" 200 501
[02/Jun/2026 13:12:45] "GET /api/bookings/user/45ef4530-e249-4419-872d-607835b868d8/ HTTP/1.1" 200 6009
[02/Jun/2026 13:12:45] "GET /api/notifications/45ef4530-e249-4419-872d-607835b868d8/ HTTP/1.1" 200 501
[02/Jun/2026 13:12:47] "GET /api/notifications/45ef4530-e249-4419-872d-607835b868d8/ HTTP/1.1" 200 501
[02/Jun/2026 13:12:48] "GET /api/notifications/45ef4530-e249-4419-872d-607835b868d8/ HTTP/1.1" 200 501
[02/Jun/2026 13:12:49] "GET /api/bookings/user/45ef4530-e249-4419-872d-607835b868d8/ HTTP/1.1" 200 6009
[02/Jun/2026 13:12:50] "GET /api/notifications/45ef4530-e249-4419-872d-607835b868d8/ HTTP/1.1" 200 501
[02/Jun/2026 13:12:52] "GET /api/bookings/user/45ef4530-e249-4419-872d-607835b868d8/ HTTP/1.1" 200 6009
[02/Jun/2026 13:12:52] "GET /api/bookings/user/45ef4530-e249-4419-872d-607835b868d8/ HTTP/1.1" 200 6009
[02/Jun/2026 13:12:52] "GET /api/notifications/45ef4530-e249-4419-872d-607835b868d8/ HTTP/1.1" 200 501
[02/Jun/2026 13:12:54] "POST /api/request/select/ HTTP/1.1" 200 432
[02/Jun/2026 13:12:56] "GET /api/bookings/user/45ef4530-e249-4419-872d-607835b868d8/ HTTP/1.1" 200 9007
[02/Jun/2026 13:12:59] "GET /api/notifications/45ef4530-e249-4419-872d-607835b868d8/ HTTP/1.1" 200 747
[02/Jun/2026 13:13:00] "GET /api/bookings/user/45ef4530-e249-4419-872d-607835b868d8/ HTTP/1.1" 200 9007
[02/Jun/2026 13:13:03] "GET /api/bookings/user/45ef4530-e249-4419-872d-607835b868d8/ HTTP/1.1" 200 9007
[02/Jun/2026 13:13:06] "GET /api/bookings/user/45ef4530-e249-4419-872d-607835b868d8/ HTTP/1.1" 200 9007
[02/Jun/2026 13:13:19] "GET /api/notifications/45ef4530-e249-4419-872d-607835b868d8/ HTTP/1.1" 200 747
[02/Jun/2026 13:13:23] "GET /api/bookings/user/45ef4530-e249-4419-872d-607835b868d8/ HTTP/1.1" 200 9007
[02/Jun/2026 13:13:33] "GET /api/notifications/45ef4530-e249-4419-872d-607835b868d8/ HTTP/1.1" 200 747
[02/Jun/2026 13:13:38] "GET /api/bookings/user/45ef4530-e249-4419-872d-607835b868d8/ HTTP/1.1" 200 9007
[02/Jun/2026 13:13:47] "GET /api/notifications/45ef4530-e249-4419-872d-607835b868d8/ HTTP/1.1" 200 747
[02/Jun/2026 13:13:50] "GET /api/bookings/user/45ef4530-e249-4419-872d-607835b868d8/ HTTP/1.1" 200 9007
[02/Jun/2026 13:14:04] "GET /api/notifications/45ef4530-e249-4419-872d-607835b868d8/ HTTP/1.1" 200 747
[02/Jun/2026 13:14:04] "POST /api/auth/login/ HTTP/1.1" 200 108
[02/Jun/2026 13:14:07] "GET /api/admin/stats/ HTTP/1.1" 200 71
[02/Jun/2026 13:14:09] "GET /api/bookings/user/45ef4530-e249-4419-872d-607835b868d8/ HTTP/1.1" 200 9007
[02/Jun/2026 13:14:09] "GET /api/admin/users/ HTTP/1.1" 200 70074
[02/Jun/2026 13:14:14] "GET /api/notifications/45ef4530-e249-4419-872d-607835b868d8/ HTTP/1.1" 200 747
[02/Jun/2026 13:14:17] "GET /api/bookings/user/45ef4530-e249-4419-872d-607835b868d8/ HTTP/1.1" 200 9007
[02/Jun/2026 13:14:21] "GET /api/admin/stats/ HTTP/1.1" 200 71
[02/Jun/2026 13:14:23] "GET /api/admin/users/ HTTP/1.1" 200 70074
[02/Jun/2026 13:14:55] "POST /api/auth/login/ HTTP/1.1" 200 124
[02/Jun/2026 13:14:57] "GET /api/auth/google/status/?user_id=45ef4530-e249-4419-872d-607835b868d8&role=customer HTTP/1.1" 200 29
[02/Jun/2026 13:14:57] "GET /api/notifications/45ef4530-e249-4419-872d-607835b868d8/ HTTP/1.1" 200 747
[02/Jun/2026 13:14:58] "GET /api/system-config/?user_id=45ef4530-e249-4419-872d-607835b868d8&role=customer HTTP/1.1" 200 58
[02/Jun/2026 13:15:02] "GET /api/bookings/user/45ef4530-e249-4419-872d-607835b868d8/ HTTP/1.1" 200 9007
[02/Jun/2026 13:15:12] "GET /api/notifications/45ef4530-e249-4419-872d-607835b868d8/ HTTP/1.1" 200 747
[02/Jun/2026 13:15:17] "GET /api/bookings/user/45ef4530-e249-4419-872d-607835b868d8/ HTTP/1.1" 200 9007
[02/Jun/2026 13:15:27] "GET /api/notifications/45ef4530-e249-4419-872d-607835b868d8/ HTTP/1.1" 200 747
[02/Jun/2026 13:15:30] "GET /api/bookings/user/45ef4530-e249-4419-872d-607835b868d8/ HTTP/1.1" 200 9007
[02/Jun/2026 13:15:42] "GET /api/notifications/45ef4530-e249-4419-872d-607835b868d8/ HTTP/1.1" 200 747
[02/Jun/2026 13:15:45] "GET /api/bookings/user/45ef4530-e249-4419-872d-607835b868d8/ HTTP/1.1" 200 9007
[02/Jun/2026 13:15:57] "GET /api/notifications/45ef4530-e249-4419-872d-607835b868d8/ HTTP/1.1" 200 747
[02/Jun/2026 13:16:02] "GET /api/bookings/user/45ef4530-e249-4419-872d-607835b868d8/ HTTP/1.1" 200 9007
[02/Jun/2026 13:16:12] "GET /api/notifications/45ef4530-e249-4419-872d-607835b868d8/ HTTP/1.1" 200 747
[02/Jun/2026 13:16:15] "GET /api/bookings/user/45ef4530-e249-4419-872d-607835b868d8/ HTTP/1.1" 200 9007
[02/Jun/2026 13:16:27] "GET /api/notifications/45ef4530-e249-4419-872d-607835b868d8/ HTTP/1.1" 200 747
[02/Jun/2026 13:16:30] "GET /api/bookings/user/45ef4530-e249-4419-872d-607835b868d8/ HTTP/1.1" 200 9007
[02/Jun/2026 13:16:38] "POST /api/request/ HTTP/1.1" 200 89
[02/Jun/2026 13:16:42] "GET /api/notifications/45ef4530-e249-4419-872d-607835b868d8/ HTTP/1.1" 200 747
[02/Jun/2026 13:16:47] "GET /api/bookings/user/45ef4530-e249-4419-872d-607835b868d8/ HTTP/1.1" 200 9007
[02/Jun/2026 13:16:57] "GET /api/notifications/45ef4530-e249-4419-872d-607835b868d8/ HTTP/1.1" 200 747
[02/Jun/2026 13:17:02] "GET /api/bookings/user/45ef4530-e249-4419-872d-607835b868d8/ HTTP/1.1" 200 9007
[02/Jun/2026 13:17:12] "GET /api/notifications/45ef4530-e249-4419-872d-607835b868d8/ HTTP/1.1" 200 747
[02/Jun/2026 13:17:15] "GET /api/bookings/user/45ef4530-e249-4419-872d-607835b868d8/ HTTP/1.1" 200 9007
[02/Jun/2026 13:17:31] "GET /api/notifications/45ef4530-e249-4419-872d-607835b868d8/ HTTP/1.1" 200 747
[02/Jun/2026 13:17:34] "GET /api/bookings/user/45ef4530-e249-4419-872d-607835b868d8/ HTTP/1.1" 200 9007
[02/Jun/2026 13:17:46] "GET /api/notifications/45ef4530-e249-4419-872d-607835b868d8/ HTTP/1.1" 200 747
[02/Jun/2026 13:17:51] "GET /api/bookings/user/45ef4530-e249-4419-872d-607835b868d8/ HTTP/1.1" 200 9007
[02/Jun/2026 13:18:02] "GET /api/notifications/45ef4530-e249-4419-872d-607835b868d8/ HTTP/1.1" 200 747
[02/Jun/2026 13:18:05] "GET /api/bookings/user/45ef4530-e249-4419-872d-607835b868d8/ HTTP/1.1" 200 9007
[02/Jun/2026 13:18:16] "GET /api/notifications/45ef4530-e249-4419-872d-607835b868d8/ HTTP/1.1" 200 747
[02/Jun/2026 13:18:22] "GET /api/bookings/user/45ef4530-e249-4419-872d-607835b868d8/ HTTP/1.1" 200 9007
[02/Jun/2026 13:20:39] "GET /api/notifications/45ef4530-e249-4419-872d-607835b868d8/ HTTP/1.1" 200 747
[02/Jun/2026 13:20:41] "GET /api/notifications/45ef4530-e249-4419-872d-607835b868d8/ HTTP/1.1" 200 747
[02/Jun/2026 13:20:43] "GET /api/notifications/45ef4530-e249-4419-872d-607835b868d8/ HTTP/1.1" 200 747
[02/Jun/2026 13:20:43] "GET /api/bookings/user/45ef4530-e249-4419-872d-607835b868d8/ HTTP/1.1" 200 9007
[02/Jun/2026 13:20:45] "GET /api/notifications/45ef4530-e249-4419-872d-607835b868d8/ HTTP/1.1" 200 747
[02/Jun/2026 13:20:50] "GET /api/bookings/user/45ef4530-e249-4419-872d-607835b868d8/ HTTP/1.1" 200 9007
[02/Jun/2026 13:20:54] "GET /api/bookings/user/45ef4530-e249-4419-872d-607835b868d8/ HTTP/1.1" 200 9007
[02/Jun/2026 13:20:57] "GET /api/notifications/45ef4530-e249-4419-872d-607835b868d8/ HTTP/1.1" 200 747
[02/Jun/2026 13:20:58] "GET /api/bookings/user/45ef4530-e249-4419-872d-607835b868d8/ HTTP/1.1" 200 9007
[02/Jun/2026 13:21:00] "GET /api/bookings/user/45ef4530-e249-4419-872d-607835b868d8/ HTTP/1.1" 200 9007
[02/Jun/2026 13:21:12] "GET /api/notifications/45ef4530-e249-4419-872d-607835b868d8/ HTTP/1.1" 200 747
[02/Jun/2026 13:21:15] "GET /api/bookings/user/45ef4530-e249-4419-872d-607835b868d8/ HTTP/1.1" 200 9007
[02/Jun/2026 13:21:15] "POST /api/request/ HTTP/1.1" 200 476
[02/Jun/2026 13:21:27] "GET /api/notifications/45ef4530-e249-4419-872d-607835b868d8/ HTTP/1.1" 200 747
[02/Jun/2026 13:21:32] "GET /api/bookings/user/45ef4530-e249-4419-872d-607835b868d8/ HTTP/1.1" 200 9007
[02/Jun/2026 13:21:46] "GET /api/notifications/45ef4530-e249-4419-872d-607835b868d8/ HTTP/1.1" 200 747
[02/Jun/2026 13:21:51] "GET /api/bookings/user/45ef4530-e249-4419-872d-607835b868d8/ HTTP/1.1" 200 9007
[02/Jun/2026 13:21:57] "GET /api/notifications/45ef4530-e249-4419-872d-607835b868d8/ HTTP/1.1" 200 747
[02/Jun/2026 13:22:00] "GET /api/bookings/user/45ef4530-e249-4419-872d-607835b868d8/ HTTP/1.1" 200 9007
[02/Jun/2026 13:22:07] "GET /api/notifications/45ef4530-e249-4419-872d-607835b868d8/ HTTP/1.1" 200 747
[02/Jun/2026 13:22:08] "GET /api/auth/google/status/?user_id=45ef4530-e249-4419-872d-607835b868d8&role=customer HTTP/1.1" 200 29
[02/Jun/2026 13:22:08] "GET /api/system-config/?user_id=45ef4530-e249-4419-872d-607835b868d8&role=customer HTTP/1.1" 200 58
[02/Jun/2026 13:22:12] "GET /api/bookings/user/45ef4530-e249-4419-872d-607835b868d8/ HTTP/1.1" 200 9007
[02/Jun/2026 13:22:22] "GET /api/notifications/45ef4530-e249-4419-872d-607835b868d8/ HTTP/1.1" 200 747
[02/Jun/2026 13:22:25] "GET /api/bookings/user/45ef4530-e249-4419-872d-607835b868d8/ HTTP/1.1" 200 9007
[02/Jun/2026 13:22:37] "GET /api/notifications/45ef4530-e249-4419-872d-607835b868d8/ HTTP/1.1" 200 747
[02/Jun/2026 13:22:40] "GET /api/bookings/user/45ef4530-e249-4419-872d-607835b868d8/ HTTP/1.1" 200 9007
[02/Jun/2026 13:22:52] "GET /api/notifications/45ef4530-e249-4419-872d-607835b868d8/ HTTP/1.1" 200 747
[02/Jun/2026 13:22:57] "GET /api/bookings/user/45ef4530-e249-4419-872d-607835b868d8/ HTTP/1.1" 200 9007
[02/Jun/2026 13:22:59] "POST /api/request/ HTTP/1.1" 200 909
[02/Jun/2026 13:23:07] "GET /api/notifications/45ef4530-e249-4419-872d-607835b868d8/ HTTP/1.1" 200 747
[02/Jun/2026 13:23:10] "GET /api/bookings/user/45ef4530-e249-4419-872d-607835b868d8/ HTTP/1.1" 200 9007
[02/Jun/2026 13:23:25] "GET /api/notifications/45ef4530-e249-4419-872d-607835b868d8/ HTTP/1.1" 200 747
[02/Jun/2026 13:23:28] "GET /api/bookings/user/45ef4530-e249-4419-872d-607835b868d8/ HTTP/1.1" 200 9007
[02/Jun/2026 13:23:29] "OPTIONS /api/provider/profile/17fd7d6b-8b89-4a8d-98ec-d630c7baa6c0/ HTTP/1.1" 200 0
[02/Jun/2026 13:23:33] "GET /api/provider/profile/17fd7d6b-8b89-4a8d-98ec-d630c7baa6c0/ HTTP/1.1" 200 1024
[02/Jun/2026 13:23:37] "GET /api/notifications/45ef4530-e249-4419-872d-607835b868d8/ HTTP/1.1" 200 747
[02/Jun/2026 13:23:42] "GET /api/bookings/user/45ef4530-e249-4419-872d-607835b868d8/ HTTP/1.1" 200 9007
[02/Jun/2026 13:23:52] "GET /api/notifications/45ef4530-e249-4419-872d-607835b868d8/ HTTP/1.1" 200 747
[02/Jun/2026 13:23:57] "GET /api/bookings/user/45ef4530-e249-4419-872d-607835b868d8/ HTTP/1.1" 200 9007
[02/Jun/2026 13:24:07] "GET /api/notifications/45ef4530-e249-4419-872d-607835b868d8/ HTTP/1.1" 200 747
[02/Jun/2026 13:24:12] "GET /api/bookings/user/45ef4530-e249-4419-872d-607835b868d8/ HTTP/1.1" 200 9007
[02/Jun/2026 13:24:22] "GET /api/notifications/45ef4530-e249-4419-872d-607835b868d8/ HTTP/1.1" 200 747
[02/Jun/2026 13:24:27] "GET /api/bookings/user/45ef4530-e249-4419-872d-607835b868d8/ HTTP/1.1" 200 9007
[02/Jun/2026 13:24:37] "GET /api/notifications/45ef4530-e249-4419-872d-607835b868d8/ HTTP/1.1" 200 747
[02/Jun/2026 13:24:40] "GET /api/bookings/user/45ef4530-e249-4419-872d-607835b868d8/ HTTP/1.1" 200 9007
[02/Jun/2026 13:24:52] "GET /api/notifications/45ef4530-e249-4419-872d-607835b868d8/ HTTP/1.1" 200 747
[02/Jun/2026 13:24:55] "GET /api/bookings/user/45ef4530-e249-4419-872d-607835b868d8/ HTTP/1.1" 200 9007
[02/Jun/2026 13:25:07] "GET /api/notifications/45ef4530-e249-4419-872d-607835b868d8/ HTTP/1.1" 200 747
[02/Jun/2026 13:25:10] "GET /api/bookings/user/45ef4530-e249-4419-872d-607835b868d8/ HTTP/1.1" 200 9007
[02/Jun/2026 13:25:22] "GET /api/notifications/45ef4530-e249-4419-872d-607835b868d8/ HTTP/1.1" 200 747
[02/Jun/2026 13:25:25] "GET /api/bookings/user/45ef4530-e249-4419-872d-607835b868d8/ HTTP/1.1" 200 9007
[02/Jun/2026 13:25:37] "GET /api/notifications/45ef4530-e249-4419-872d-607835b868d8/ HTTP/1.1" 200 747
[02/Jun/2026 13:25:42] "GET /api/bookings/user/45ef4530-e249-4419-872d-607835b868d8/ HTTP/1.1" 200 9007
[02/Jun/2026 13:25:52] "GET /api/notifications/45ef4530-e249-4419-872d-607835b868d8/ HTTP/1.1" 200 747
[02/Jun/2026 13:25:55] "GET /api/bookings/user/45ef4530-e249-4419-872d-607835b868d8/ HTTP/1.1" 200 9007
[02/Jun/2026 13:26:07] "GET /api/notifications/45ef4530-e249-4419-872d-607835b868d8/ HTTP/1.1" 200 747
[02/Jun/2026 13:26:10] "GET /api/bookings/user/45ef4530-e249-4419-872d-607835b868d8/ HTTP/1.1" 200 9007
[02/Jun/2026 13:26:22] "GET /api/notifications/45ef4530-e249-4419-872d-607835b868d8/ HTTP/1.1" 200 747
[02/Jun/2026 13:26:27] "GET /api/bookings/user/45ef4530-e249-4419-872d-607835b868d8/ HTTP/1.1" 200 9007
[02/Jun/2026 13:26:37] "GET /api/notifications/45ef4530-e249-4419-872d-607835b868d8/ HTTP/1.1" 200 747
[02/Jun/2026 13:26:40] "GET /api/bookings/user/45ef4530-e249-4419-872d-607835b868d8/ HTTP/1.1" 200 9007
[02/Jun/2026 13:26:57] "GET /api/notifications/45ef4530-e249-4419-872d-607835b868d8/ HTTP/1.1" 200 747
[02/Jun/2026 13:27:00] "GET /api/bookings/user/45ef4530-e249-4419-872d-607835b868d8/ HTTP/1.1" 200 9007
[02/Jun/2026 13:27:12] "GET /api/notifications/45ef4530-e249-4419-872d-607835b868d8/ HTTP/1.1" 200 747
[02/Jun/2026 13:27:16] "GET /api/bookings/user/45ef4530-e249-4419-872d-607835b868d8/ HTTP/1.1" 200 9007
[02/Jun/2026 13:27:27] "GET /api/notifications/45ef4530-e249-4419-872d-607835b868d8/ HTTP/1.1" 200 747
[02/Jun/2026 13:27:30] "GET /api/bookings/user/45ef4530-e249-4419-872d-607835b868d8/ HTTP/1.1" 200 9007
[02/Jun/2026 13:27:41] "GET /api/notifications/45ef4530-e249-4419-872d-607835b868d8/ HTTP/1.1" 200 747
[02/Jun/2026 13:27:44] "GET /api/bookings/user/45ef4530-e249-4419-872d-607835b868d8/ HTTP/1.1" 200 9007
[02/Jun/2026 13:30:00] "GET /api/notifications/45ef4530-e249-4419-872d-607835b868d8/ HTTP/1.1" 200 747
[02/Jun/2026 13:30:01] "GET /api/notifications/45ef4530-e249-4419-872d-607835b868d8/ HTTP/1.1" 200 747
[02/Jun/2026 13:30:03] "GET /api/notifications/45ef4530-e249-4419-872d-607835b868d8/ HTTP/1.1" 200 747
[02/Jun/2026 13:30:06] "GET /api/bookings/user/45ef4530-e249-4419-872d-607835b868d8/ HTTP/1.1" 200 9007
[02/Jun/2026 13:30:07] "GET /api/notifications/45ef4530-e249-4419-872d-607835b868d8/ HTTP/1.1" 200 747
[02/Jun/2026 13:30:13] "GET /api/bookings/user/45ef4530-e249-4419-872d-607835b868d8/ HTTP/1.1" 200 9007
[02/Jun/2026 13:30:18] "GET /api/bookings/user/45ef4530-e249-4419-872d-607835b868d8/ HTTP/1.1" 200 9007
[02/Jun/2026 13:30:19] "GET /api/bookings/user/45ef4530-e249-4419-872d-607835b868d8/ HTTP/1.1" 200 9007
[02/Jun/2026 13:30:32] "POST /api/auth/login/ HTTP/1.1" 200 108
[02/Jun/2026 13:30:34] "GET /api/admin/stats/ HTTP/1.1" 200 71
[02/Jun/2026 13:30:37] "GET /api/admin/users/ HTTP/1.1" 200 74924
[02/Jun/2026 13:30:42] "POST /api/admin/toggle-apify/ HTTP/1.1" 200 32
[02/Jun/2026 13:31:14] "POST /api/auth/login/ HTTP/1.1" 200 124
[02/Jun/2026 13:31:16] "GET /api/notifications/45ef4530-e249-4419-872d-607835b868d8/ HTTP/1.1" 200 747
[02/Jun/2026 13:31:17] "GET /api/auth/google/status/?user_id=45ef4530-e249-4419-872d-607835b868d8&role=customer HTTP/1.1" 200 29
[02/Jun/2026 13:31:17] "GET /api/system-config/?user_id=45ef4530-e249-4419-872d-607835b868d8&role=customer HTTP/1.1" 200 59
[02/Jun/2026 13:31:21] "GET /api/bookings/user/45ef4530-e249-4419-872d-607835b868d8/ HTTP/1.1" 200 9007
[02/Jun/2026 13:31:31] "GET /api/notifications/45ef4530-e249-4419-872d-607835b868d8/ HTTP/1.1" 200 747
[02/Jun/2026 13:31:34] "GET /api/bookings/user/45ef4530-e249-4419-872d-607835b868d8/ HTTP/1.1" 200 9007
[02/Jun/2026 13:31:37] "POST /api/request/ HTTP/1.1" 200 188
[02/Jun/2026 13:31:46] "GET /api/notifications/45ef4530-e249-4419-872d-607835b868d8/ HTTP/1.1" 200 747
[02/Jun/2026 13:31:51] "GET /api/bookings/user/45ef4530-e249-4419-872d-607835b868d8/ HTTP/1.1" 200 9007
[02/Jun/2026 13:31:54] "POST /api/request/ HTTP/1.1" 200 909
[02/Jun/2026 13:32:02] "GET /api/notifications/45ef4530-e249-4419-872d-607835b868d8/ HTTP/1.1" 200 747
[02/Jun/2026 13:32:06] "GET /api/bookings/user/45ef4530-e249-4419-872d-607835b868d8/ HTTP/1.1" 200 9007
[02/Jun/2026 13:32:16] "GET /api/notifications/45ef4530-e249-4419-872d-607835b868d8/ HTTP/1.1" 200 747
[02/Jun/2026 13:32:21] "GET /api/bookings/user/45ef4530-e249-4419-872d-607835b868d8/ HTTP/1.1" 200 9007
[02/Jun/2026 13:32:31] "GET /api/notifications/45ef4530-e249-4419-872d-607835b868d8/ HTTP/1.1" 200 747
[02/Jun/2026 13:32:36] "GET /api/bookings/user/45ef4530-e249-4419-872d-607835b868d8/ HTTP/1.1" 200 9007
[02/Jun/2026 13:32:46] "GET /api/notifications/45ef4530-e249-4419-872d-607835b868d8/ HTTP/1.1" 200 747
[02/Jun/2026 13:32:49] "GET /api/bookings/user/45ef4530-e249-4419-872d-607835b868d8/ HTTP/1.1" 200 9007
[02/Jun/2026 13:33:01] "GET /api/notifications/45ef4530-e249-4419-872d-607835b868d8/ HTTP/1.1" 200 747
[02/Jun/2026 13:33:06] "GET /api/bookings/user/45ef4530-e249-4419-872d-607835b868d8/ HTTP/1.1" 200 9007
[02/Jun/2026 13:33:16] "GET /api/notifications/45ef4530-e249-4419-872d-607835b868d8/ HTTP/1.1" 200 747
[02/Jun/2026 13:33:21] "GET /api/bookings/user/45ef4530-e249-4419-872d-607835b868d8/ HTTP/1.1" 200 9007
[02/Jun/2026 13:33:31] "GET /api/notifications/45ef4530-e249-4419-872d-607835b868d8/ HTTP/1.1" 200 747
[02/Jun/2026 13:33:36] "GET /api/bookings/user/45ef4530-e249-4419-872d-607835b868d8/ HTTP/1.1" 200 9007
[02/Jun/2026 13:33:46] "GET /api/notifications/45ef4530-e249-4419-872d-607835b868d8/ HTTP/1.1" 200 747
[02/Jun/2026 13:33:49] "GET /api/bookings/user/45ef4530-e249-4419-872d-607835b868d8/ HTTP/1.1" 200 9007
[02/Jun/2026 13:34:02] "GET /api/notifications/45ef4530-e249-4419-872d-607835b868d8/ HTTP/1.1" 200 747
[02/Jun/2026 13:34:07] "GET /api/bookings/user/45ef4530-e249-4419-872d-607835b868d8/ HTTP/1.1" 200 9007
[02/Jun/2026 13:34:16] "GET /api/notifications/45ef4530-e249-4419-872d-607835b868d8/ HTTP/1.1" 200 747
[02/Jun/2026 13:34:19] "GET /api/bookings/user/45ef4530-e249-4419-872d-607835b868d8/ HTTP/1.1" 200 9007
[02/Jun/2026 13:34:31] "GET /api/notifications/45ef4530-e249-4419-872d-607835b868d8/ HTTP/1.1" 200 747
[02/Jun/2026 13:34:34] "GET /api/bookings/user/45ef4530-e249-4419-872d-607835b868d8/ HTTP/1.1" 200 9007
[02/Jun/2026 13:34:50] "GET /api/notifications/45ef4530-e249-4419-872d-607835b868d8/ HTTP/1.1" 200 747
[02/Jun/2026 13:34:53] "GET /api/bookings/user/45ef4530-e249-4419-872d-607835b868d8/ HTTP/1.1" 200 9007
[02/Jun/2026 13:35:06] "GET /api/notifications/45ef4530-e249-4419-872d-607835b868d8/ HTTP/1.1" 200 747
[02/Jun/2026 13:35:08] "GET /api/bookings/user/45ef4530-e249-4419-872d-607835b868d8/ HTTP/1.1" 200 9007
[02/Jun/2026 13:35:21] "GET /api/notifications/45ef4530-e249-4419-872d-607835b868d8/ HTTP/1.1" 200 747
[02/Jun/2026 13:35:25] "GET /api/bookings/user/45ef4530-e249-4419-872d-607835b868d8/ HTTP/1.1" 200 9007
[02/Jun/2026 13:35:35] "GET /api/notifications/45ef4530-e249-4419-872d-607835b868d8/ HTTP/1.1" 200 747
[02/Jun/2026 13:35:38] "GET /api/bookings/user/45ef4530-e249-4419-872d-607835b868d8/ HTTP/1.1" 200 9007
[02/Jun/2026 13:40:24] "GET /api/notifications/45ef4530-e249-4419-872d-607835b868d8/ HTTP/1.1" 200 747
[02/Jun/2026 13:40:28] "GET /api/bookings/user/45ef4530-e249-4419-872d-607835b868d8/ HTTP/1.1" 200 9007
[02/Jun/2026 13:41:23] "GET /api/notifications/45ef4530-e249-4419-872d-607835b868d8/ HTTP/1.1" 200 747
[02/Jun/2026 13:41:28] "GET /api/bookings/user/45ef4530-e249-4419-872d-607835b868d8/ HTTP/1.1" 200 9007
[02/Jun/2026 13:42:24] "GET /api/notifications/45ef4530-e249-4419-872d-607835b868d8/ HTTP/1.1" 200 747
[02/Jun/2026 13:42:28] "GET /api/bookings/user/45ef4530-e249-4419-872d-607835b868d8/ HTTP/1.1" 200 9007
[02/Jun/2026 13:43:24] "GET /api/notifications/45ef4530-e249-4419-872d-607835b868d8/ HTTP/1.1" 200 747
[02/Jun/2026 13:43:26] "GET /api/bookings/user/45ef4530-e249-4419-872d-607835b868d8/ HTTP/1.1" 200 9007
[02/Jun/2026 13:44:24] "GET /api/notifications/45ef4530-e249-4419-872d-607835b868d8/ HTTP/1.1" 200 747
[02/Jun/2026 13:44:26] "GET /api/bookings/user/45ef4530-e249-4419-872d-607835b868d8/ HTTP/1.1" 200 9007
[02/Jun/2026 13:45:23] "GET /api/notifications/45ef4530-e249-4419-872d-607835b868d8/ HTTP/1.1" 200 747
[02/Jun/2026 13:45:26] "GET /api/bookings/user/45ef4530-e249-4419-872d-607835b868d8/ HTTP/1.1" 200 9007
[02/Jun/2026 13:46:24] "GET /api/notifications/45ef4530-e249-4419-872d-607835b868d8/ HTTP/1.1" 200 747
[02/Jun/2026 13:46:26] "GET /api/bookings/user/45ef4530-e249-4419-872d-607835b868d8/ HTTP/1.1" 200 9007
[02/Jun/2026 13:47:24] "GET /api/notifications/45ef4530-e249-4419-872d-607835b868d8/ HTTP/1.1" 200 747
[02/Jun/2026 13:47:27] "GET /api/bookings/user/45ef4530-e249-4419-872d-607835b868d8/ HTTP/1.1" 200 9007
[02/Jun/2026 13:48:24] "GET /api/notifications/45ef4530-e249-4419-872d-607835b868d8/ HTTP/1.1" 200 747
[02/Jun/2026 13:48:26] "GET /api/bookings/user/45ef4530-e249-4419-872d-607835b868d8/ HTTP/1.1" 200 9007
[02/Jun/2026 13:49:23] "GET /api/notifications/45ef4530-e249-4419-872d-607835b868d8/ HTTP/1.1" 200 747
[02/Jun/2026 13:49:26] "GET /api/bookings/user/45ef4530-e249-4419-872d-607835b868d8/ HTTP/1.1" 200 9007
[02/Jun/2026 13:50:24] "GET /api/notifications/45ef4530-e249-4419-872d-607835b868d8/ HTTP/1.1" 200 747
[02/Jun/2026 13:50:29] "GET /api/bookings/user/45ef4530-e249-4419-872d-607835b868d8/ HTTP/1.1" 200 9007
[02/Jun/2026 13:51:23] "GET /api/notifications/45ef4530-e249-4419-872d-607835b868d8/ HTTP/1.1" 200 747
[02/Jun/2026 13:51:28] "GET /api/bookings/user/45ef4530-e249-4419-872d-607835b868d8/ HTTP/1.1" 200 9007
[02/Jun/2026 13:51:57] "OPTIONS /api/bookings/user/45ef4530-e249-4419-872d-607835b868d8/ HTTP/1.1" 200 0
[02/Jun/2026 13:51:57] "OPTIONS /api/notifications/45ef4530-e249-4419-872d-607835b868d8/ HTTP/1.1" 200 0
[02/Jun/2026 13:51:57] "OPTIONS /api/notifications/45ef4530-e249-4419-872d-607835b868d8/ HTTP/1.1" 200 0
[02/Jun/2026 13:51:57] "OPTIONS /api/bookings/user/45ef4530-e249-4419-872d-607835b868d8/ HTTP/1.1" 200 0
[02/Jun/2026 13:51:57] "OPTIONS /api/bookings/user/45ef4530-e249-4419-872d-607835b868d8/ HTTP/1.1" 200 0
[02/Jun/2026 13:51:57] "OPTIONS /api/notifications/45ef4530-e249-4419-872d-607835b868d8/ HTTP/1.1" 200 0
[02/Jun/2026 13:51:57] "OPTIONS /api/bookings/user/45ef4530-e249-4419-872d-607835b868d8/ HTTP/1.1" 200 0
[02/Jun/2026 13:51:57] "OPTIONS /api/notifications/45ef4530-e249-4419-872d-607835b868d8/ HTTP/1.1" 200 0
[02/Jun/2026 13:51:58] "OPTIONS /api/notifications/45ef4530-e249-4419-872d-607835b868d8/ HTTP/1.1" 200 0
[02/Jun/2026 13:51:58] "OPTIONS /api/bookings/user/45ef4530-e249-4419-872d-607835b868d8/ HTTP/1.1" 200 0
[02/Jun/2026 13:51:59] "GET /api/notifications/45ef4530-e249-4419-872d-607835b868d8/ HTTP/1.1" 200 747
[02/Jun/2026 13:52:04] "GET /api/bookings/user/45ef4530-e249-4419-872d-607835b868d8/ HTTP/1.1" 200 9007
[02/Jun/2026 13:58:42] code 400, message Bad request version ('À\x14À')
[02/Jun/2026 13:58:42] You're accessing the development server over HTTPS, but it only supports HTTP.
Not Found: /
[02/Jun/2026 13:58:44] "GET / HTTP/1.1" 404 2167
[02/Jun/2026 13:58:48] code 505, message Invalid HTTP version (2.0)
[02/Jun/2026 13:58:48] "PRI * HTTP/2.0" 505 -
[02/Jun/2026 13:59:48] code 400, message Bad request version ('À\x14À')
[02/Jun/2026 13:59:48] You're accessing the development server over HTTPS, but it only supports HTTP.
Not Found: /sitemap.xml
[02/Jun/2026 13:59:49] "GET /sitemap.xml HTTP/1.1" 404 2218
Not Found: /
[02/Jun/2026 14:20:43] "GET / HTTP/1.1" 404 2182
